# @generated by generate_proto_mypy_stubs.py.  Do not edit!
import sys
from google.protobuf.internal.containers import (
    RepeatedCompositeFieldContainer as google___protobuf___internal___containers___RepeatedCompositeFieldContainer,
)

from google.protobuf.message import (
    Message as google___protobuf___message___Message,
)

from typing import (
    Iterable as typing___Iterable,
    Optional as typing___Optional,
)

from typing_extensions import (
    Literal as typing_extensions___Literal,
)


class NoPackage(google___protobuf___message___Message):

    def __init__(self,
        ) -> None: ...
    @classmethod
    def FromString(cls, s: bytes) -> NoPackage: ...
    def MergeFrom(self, other_msg: google___protobuf___message___Message) -> None: ...
    def CopyFrom(self, other_msg: google___protobuf___message___Message) -> None: ...

class NoPackage2(google___protobuf___message___Message):

    @__builtins__.property
    def np(self) -> NoPackage: ...

    @__builtins__.property
    def np_rep(self) -> google___protobuf___internal___containers___RepeatedCompositeFieldContainer[NoPackage]: ...

    def __init__(self,
        np : typing___Optional[NoPackage] = None,
        np_rep : typing___Optional[typing___Iterable[NoPackage]] = None,
        ) -> None: ...
    @classmethod
    def FromString(cls, s: bytes) -> NoPackage2: ...
    def MergeFrom(self, other_msg: google___protobuf___message___Message) -> None: ...
    def CopyFrom(self, other_msg: google___protobuf___message___Message) -> None: ...
    if sys.version_info >= (3,):
        def HasField(self, field_name: typing_extensions___Literal[u"np"]) -> bool: ...
        def ClearField(self, field_name: typing_extensions___Literal[u"np",u"np_rep"]) -> None: ...
    else:
        def HasField(self, field_name: typing_extensions___Literal[u"np",b"np"]) -> bool: ...
        def ClearField(self, field_name: typing_extensions___Literal[b"np",b"np_rep"]) -> None: ...
