# @generated by generate_proto_mypy_stubs.py.  Do not edit!
import sys
from abc import (
    ABCMeta as abc___ABCMeta,
    abstractmethod as abc___abstractmethod,
)

from concurrent.futures import (
    Future as concurrent___futures___Future,
)

from google.protobuf.descriptor import (
    EnumDescriptor as google___protobuf___descriptor___EnumDescriptor,
)

from google.protobuf.internal.containers import (
    RepeatedCompositeFieldContainer as google___protobuf___internal___containers___RepeatedCompositeFieldContainer,
    RepeatedScalarFieldContainer as google___protobuf___internal___containers___RepeatedScalarFieldContainer,
)

from google.protobuf.message import (
    Message as google___protobuf___message___Message,
)

from google.protobuf.service import (
    RpcChannel as google___protobuf___service___RpcChannel,
    RpcController as google___protobuf___service___RpcController,
    Service as google___protobuf___service___Service,
)

from test.proto.inner.inner_pb2 import (
    Inner as test___proto___inner___inner_pb2___Inner,
)

from test.proto.nested.nested_pb2 import (
    AnotherNested as test___proto___nested___nested_pb2___AnotherNested,
    Nested as test___proto___nested___nested_pb2___Nested,
)

from test.proto.nopackage_pb2 import (
    NoPackage as test___proto___nopackage_pb2___NoPackage,
)

from test.proto.test3_pb2 import (
    OuterEnum as test___proto___test3_pb2___OuterEnum,
)

from typing import (
    Callable as typing___Callable,
    Iterable as typing___Iterable,
    List as typing___List,
    Optional as typing___Optional,
    Text as typing___Text,
    Tuple as typing___Tuple,
    cast as typing___cast,
)

from typing_extensions import (
    Literal as typing_extensions___Literal,
)


class OuterEnum(int):
    DESCRIPTOR: google___protobuf___descriptor___EnumDescriptor = ...
    @classmethod
    def Name(cls, number: int) -> str: ...
    @classmethod
    def Value(cls, name: str) -> OuterEnum: ...
    @classmethod
    def keys(cls) -> typing___List[str]: ...
    @classmethod
    def values(cls) -> typing___List[OuterEnum]: ...
    @classmethod
    def items(cls) -> typing___List[typing___Tuple[str, OuterEnum]]: ...
FOO = typing___cast(OuterEnum, 1)
BAR = typing___cast(OuterEnum, 2)

class Simple1(google___protobuf___message___Message):
    class InnerEnum(int):
        DESCRIPTOR: google___protobuf___descriptor___EnumDescriptor = ...
        @classmethod
        def Name(cls, number: int) -> str: ...
        @classmethod
        def Value(cls, name: str) -> Simple1.InnerEnum: ...
        @classmethod
        def keys(cls) -> typing___List[str]: ...
        @classmethod
        def values(cls) -> typing___List[Simple1.InnerEnum]: ...
        @classmethod
        def items(cls) -> typing___List[typing___Tuple[str, Simple1.InnerEnum]]: ...
    INNER1 = typing___cast(InnerEnum, 1)
    INNER2 = typing___cast(InnerEnum, 2)

    class InnerMessage(google___protobuf___message___Message):

        def __init__(self,
            ) -> None: ...
        @classmethod
        def FromString(cls, s: bytes) -> Simple1.InnerMessage: ...
        def MergeFrom(self, other_msg: google___protobuf___message___Message) -> None: ...
        def CopyFrom(self, other_msg: google___protobuf___message___Message) -> None: ...

    a_string = ... # type: typing___Text
    a_repeated_string = ... # type: google___protobuf___internal___containers___RepeatedScalarFieldContainer[typing___Text]
    a_boolean = ... # type: bool
    a_uint32 = ... # type: int
    a_enum = ... # type: OuterEnum
    a_external_enum = ... # type: test___proto___test3_pb2___OuterEnum
    inner_enum = ... # type: Simple1.InnerEnum
    rep_inner_enum = ... # type: google___protobuf___internal___containers___RepeatedScalarFieldContainer[Simple1.InnerEnum]
    nested_enum = ... # type: test___proto___nested___nested_pb2___AnotherNested.NestedEnum
    a_oneof_1 = ... # type: typing___Text
    a_oneof_2 = ... # type: typing___Text

    @__builtins__.property
    def a_inner(self) -> test___proto___inner___inner_pb2___Inner: ...

    @__builtins__.property
    def a_nested(self) -> test___proto___nested___nested_pb2___Nested: ...

    @__builtins__.property
    def inner_message(self) -> Simple1.InnerMessage: ...

    @__builtins__.property
    def rep_inner_message(self) -> google___protobuf___internal___containers___RepeatedCompositeFieldContainer[Simple1.InnerMessage]: ...

    @__builtins__.property
    def no_package(self) -> test___proto___nopackage_pb2___NoPackage: ...

    @__builtins__.property
    def nested_message(self) -> test___proto___nested___nested_pb2___AnotherNested.NestedMessage: ...

    def __init__(self,
        a_string : typing___Optional[typing___Text] = None,
        a_repeated_string : typing___Optional[typing___Iterable[typing___Text]] = None,
        a_boolean : typing___Optional[bool] = None,
        a_uint32 : typing___Optional[int] = None,
        a_enum : typing___Optional[OuterEnum] = None,
        a_external_enum : typing___Optional[test___proto___test3_pb2___OuterEnum] = None,
        a_inner : typing___Optional[test___proto___inner___inner_pb2___Inner] = None,
        a_nested : typing___Optional[test___proto___nested___nested_pb2___Nested] = None,
        inner_enum : typing___Optional[Simple1.InnerEnum] = None,
        rep_inner_enum : typing___Optional[typing___Iterable[Simple1.InnerEnum]] = None,
        inner_message : typing___Optional[Simple1.InnerMessage] = None,
        rep_inner_message : typing___Optional[typing___Iterable[Simple1.InnerMessage]] = None,
        no_package : typing___Optional[test___proto___nopackage_pb2___NoPackage] = None,
        nested_enum : typing___Optional[test___proto___nested___nested_pb2___AnotherNested.NestedEnum] = None,
        nested_message : typing___Optional[test___proto___nested___nested_pb2___AnotherNested.NestedMessage] = None,
        a_oneof_1 : typing___Optional[typing___Text] = None,
        a_oneof_2 : typing___Optional[typing___Text] = None,
        ) -> None: ...
    @classmethod
    def FromString(cls, s: bytes) -> Simple1: ...
    def MergeFrom(self, other_msg: google___protobuf___message___Message) -> None: ...
    def CopyFrom(self, other_msg: google___protobuf___message___Message) -> None: ...
    if sys.version_info >= (3,):
        def HasField(self, field_name: typing_extensions___Literal[u"a_boolean",u"a_enum",u"a_external_enum",u"a_inner",u"a_nested",u"a_oneof",u"a_oneof_1",u"a_oneof_2",u"a_string",u"a_uint32",u"inner_enum",u"inner_message",u"nested_enum",u"nested_message",u"no_package"]) -> bool: ...
        def ClearField(self, field_name: typing_extensions___Literal[u"a_boolean",u"a_enum",u"a_external_enum",u"a_inner",u"a_nested",u"a_oneof",u"a_oneof_1",u"a_oneof_2",u"a_repeated_string",u"a_string",u"a_uint32",u"inner_enum",u"inner_message",u"nested_enum",u"nested_message",u"no_package",u"rep_inner_enum",u"rep_inner_message"]) -> None: ...
    else:
        def HasField(self, field_name: typing_extensions___Literal[u"a_boolean",b"a_boolean",u"a_enum",b"a_enum",u"a_external_enum",b"a_external_enum",u"a_inner",b"a_inner",u"a_nested",b"a_nested",u"a_oneof",b"a_oneof",u"a_oneof_1",b"a_oneof_1",u"a_oneof_2",b"a_oneof_2",u"a_string",b"a_string",u"a_uint32",b"a_uint32",u"inner_enum",b"inner_enum",u"inner_message",b"inner_message",u"nested_enum",b"nested_enum",u"nested_message",b"nested_message",u"no_package",b"no_package"]) -> bool: ...
        def ClearField(self, field_name: typing_extensions___Literal[b"a_boolean",b"a_enum",b"a_external_enum",b"a_inner",b"a_nested",b"a_oneof",b"a_oneof_1",b"a_oneof_2",b"a_repeated_string",b"a_string",b"a_uint32",b"inner_enum",b"inner_message",b"nested_enum",b"nested_message",b"no_package",b"rep_inner_enum",b"rep_inner_message"]) -> None: ...
    def WhichOneof(self, oneof_group: typing_extensions___Literal[u"a_oneof",b"a_oneof"]) -> typing_extensions___Literal["a_oneof_1","a_oneof_2"]: ...

class Simple2(google___protobuf___message___Message):
    a_string = ... # type: typing___Text

    def __init__(self,
        a_string : typing___Text,
        ) -> None: ...
    @classmethod
    def FromString(cls, s: bytes) -> Simple2: ...
    def MergeFrom(self, other_msg: google___protobuf___message___Message) -> None: ...
    def CopyFrom(self, other_msg: google___protobuf___message___Message) -> None: ...
    if sys.version_info >= (3,):
        def HasField(self, field_name: typing_extensions___Literal[u"a_string"]) -> bool: ...
        def ClearField(self, field_name: typing_extensions___Literal[u"a_string"]) -> None: ...
    else:
        def HasField(self, field_name: typing_extensions___Literal[u"a_string",b"a_string"]) -> bool: ...
        def ClearField(self, field_name: typing_extensions___Literal[b"a_string"]) -> None: ...

class TestService(google___protobuf___service___Service, metaclass=abc___ABCMeta):
    @abc___abstractmethod
    def Echo(self,
        rpc_controller: google___protobuf___service___RpcController,
        request: Simple1,
        done: typing___Optional[typing___Callable[[Simple2], None]],
    ) -> concurrent___futures___Future[Simple2]: ...
class TestService_Stub(TestService):
    def __init__(self, rpc_channel: google___protobuf___service___RpcChannel) -> None: ...
    def Echo(self,
        rpc_controller: google___protobuf___service___RpcController,
        request: Simple1,
        done: typing___Optional[typing___Callable[[Simple2], None]],
    ) -> concurrent___futures___Future[Simple2]: ...